// Jest Snapshot v1, https://goo.gl/fbAQLP

exports[`AuthorCard should render header 1`] = `
<div
  className="card"
>
  <div
    className="cardContentOrange"
  >
    <img
      alt="Harry Potter Books"
      className="image"
      src="./cover_image.jpeg"
    />
    <div
      className="cardTextAndReaction"
    >
      <div
        className="cardText"
      >
        Harry Potter and the Sorcerers Stone (Harry Potter, #1)
        10
      </div>
      <div
        className="rating"
      >
        4.5
        <img
          alt="heart"
          className="heart"
          onClick={[Function]}
          src="./Icons/heart-plain.svg"
        />
      </div>
    </div>
  </div>
</div>
`;
